<h1>Hello</h1>
<p><span>3</span><span2020></span2020></p>
<p><span>6</span><span2020></span2020></p>
<p><span>9</span><span2020></span2020></p>