<h1>Hello, Velin</h1>
<h2>1987 year!</h2>
<ul>
    <li>12</li>
    <li>23</li>
    <li>1987</li>
    <li>2018</li>
</ul>